// Jest Snapshot v1, https://goo.gl/fbAQLP

exports[`<Blur /> works 1`] = `
.c0 {
  position: fixed;
  background: rgba(0,0,0,0.5);
  top: 0;
  left: 0;
  width: 100%;
  height: 100%;
  opacity: 0.5;
}

<div
  className="c0"
/>
`;
