// Jest Snapshot v1, https://goo.gl/fbAQLP

exports[`<Footer /> works 1`] = `
.c0 {
  display: -webkit-box;
  display: -webkit-flex;
  display: -ms-flexbox;
  display: flex;
  -webkit-flex-direction: row-reverse;
  -ms-flex-direction: row-reverse;
  flex-direction: row-reverse;
  position: relative;
  padding: 0.5rem 1rem;
  background: #FFFFFF;
}

.c0 button {
  margin-left: 1em;
}

@media only screen and (max-width:768px) {
  .c0 {
    -webkit-flex-direction: column;
    -ms-flex-direction: column;
    flex-direction: column;
  }

  .c0 button {
    -webkit-align-self: stretch;
    -ms-flex-item-align: stretch;
    align-self: stretch;
    margin: 0.5rem 0;
  }
}

<div
  className="c0"
/>
`;
